// Jest Snapshot v1, https://goo.gl/fbAQLP

exports[`Snapshot test search dorm parts 1`] = `
<div
  className="nights"
>
  <div>
    <div
      className="col"
    >
      <input
        checked={true}
        className=""
        id="input_0"
        name="nights"
        onChange={[Function]}
        type="checkbox"
      />
      <label
        className="black-text"
        htmlFor="input_0"
      >
        1
      </label>
    </div>
  </div>
  <div>
    <div
      className="col"
    >
      <input
        checked={false}
        className=""
        id="input_1"
        name="nights"
        onChange={[Function]}
        type="checkbox"
      />
      <label
        className="black-text"
        htmlFor="input_1"
      >
        2
      </label>
    </div>
  </div>
  <div>
    <div
      className="col"
    >
      <input
        checked={false}
        className=""
        id="input_2"
        name="nights"
        onChange={[Function]}
        type="checkbox"
      />
      <label
        className="black-text"
        htmlFor="input_2"
      >
        3
      </label>
    </div>
  </div>
  <div>
    <div
      className="col"
    >
      <input
        checked={false}
        className=""
        id="input_3"
        name="nights"
        onChange={[Function]}
        type="checkbox"
      />
      <label
        className="black-text"
        htmlFor="input_3"
      >
        4
      </label>
    </div>
  </div>
  <div>
    <div
      className="col"
    >
      <input
        checked={false}
        className=""
        id="input_4"
        name="nights"
        onChange={[Function]}
        type="checkbox"
      />
      <label
        className="black-text"
        htmlFor="input_4"
      >
        5
      </label>
    </div>
  </div>
  <div>
    <div
      className="col"
    >
      <input
        checked={false}
        className=""
        id="input_5"
        name="nights"
        onChange={[Function]}
        type="checkbox"
      />
      <label
        className="black-text"
        htmlFor="input_5"
      >
        6
      </label>
    </div>
  </div>
  <div>
    <div
      className="col"
    >
      <input
        checked={false}
        className=""
        id="input_6"
        name="nights"
        onChange={[Function]}
        type="checkbox"
      />
      <label
        className="black-text"
        htmlFor="input_6"
      >
        7
      </label>
    </div>
  </div>
  <div>
    <div
      className="col"
    >
      <input
        checked={false}
        className=""
        id="input_7"
        name="nights"
        onChange={[Function]}
        type="checkbox"
      />
      <label
        className="black-text"
        htmlFor="input_7"
      >
        8
      </label>
    </div>
  </div>
  <div>
    <div
      className="col"
    >
      <input
        checked={false}
        className=""
        id="input_8"
        name="nights"
        onChange={[Function]}
        type="checkbox"
      />
      <label
        className="black-text"
        htmlFor="input_8"
      >
        9
      </label>
    </div>
  </div>
  <div>
    <div
      className="col"
    >
      <input
        checked={false}
        className=""
        id="input_9"
        name="nights"
        onChange={[Function]}
        type="checkbox"
      />
      <label
        className="black-text"
        htmlFor="input_9"
      >
        10
      </label>
    </div>
  </div>
  <div>
    <div
      className="col"
    >
      <input
        checked={false}
        className=""
        id="input_10"
        name="nights"
        onChange={[Function]}
        type="checkbox"
      />
      <label
        className="black-text"
        htmlFor="input_10"
      >
        11
      </label>
    </div>
  </div>
  <div>
    <div
      className="col"
    >
      <input
        checked={false}
        className=""
        id="input_11"
        name="nights"
        onChange={[Function]}
        type="checkbox"
      />
      <label
        className="black-text"
        htmlFor="input_11"
      >
        12
      </label>
    </div>
  </div>
  <div>
    <div
      className="col"
    >
      <input
        checked={false}
        className=""
        id="input_12"
        name="nights"
        onChange={[Function]}
        type="checkbox"
      />
      <label
        className="black-text"
        htmlFor="input_12"
      >
        13
      </label>
    </div>
  </div>
  <div>
    <div
      className="col"
    >
      <input
        checked={false}
        className=""
        id="input_13"
        name="nights"
        onChange={[Function]}
        type="checkbox"
      />
      <label
        className="black-text"
        htmlFor="input_13"
      >
        14
      </label>
    </div>
  </div>
  <div>
    <div
      className="col"
    >
      <input
        checked={false}
        className=""
        id="input_14"
        name="nights"
        onChange={[Function]}
        type="checkbox"
      />
      <label
        className="black-text"
        htmlFor="input_14"
      >
        15
      </label>
    </div>
  </div>
  <div>
    <div
      className="col"
    >
      <input
        checked={false}
        className=""
        id="input_15"
        name="nights"
        onChange={[Function]}
        type="checkbox"
      />
      <label
        className="black-text"
        htmlFor="input_15"
      >
        16
      </label>
    </div>
  </div>
  <div>
    <div
      className="col"
    >
      <input
        checked={false}
        className=""
        id="input_16"
        name="nights"
        onChange={[Function]}
        type="checkbox"
      />
      <label
        className="black-text"
        htmlFor="input_16"
      >
        17
      </label>
    </div>
  </div>
  <div>
    <div
      className="col"
    >
      <input
        checked={false}
        className=""
        id="input_17"
        name="nights"
        onChange={[Function]}
        type="checkbox"
      />
      <label
        className="black-text"
        htmlFor="input_17"
      >
        18
      </label>
    </div>
  </div>
  <div>
    <div
      className="col"
    >
      <input
        checked={false}
        className=""
        id="input_18"
        name="nights"
        onChange={[Function]}
        type="checkbox"
      />
      <label
        className="black-text"
        htmlFor="input_18"
      >
        19
      </label>
    </div>
  </div>
  <div>
    <div
      className="col"
    >
      <input
        checked={false}
        className=""
        id="input_19"
        name="nights"
        onChange={[Function]}
        type="checkbox"
      />
      <label
        className="black-text"
        htmlFor="input_19"
      >
        20
      </label>
    </div>
  </div>
  <div>
    <div
      className="col"
    >
      <input
        checked={false}
        className=""
        id="input_20"
        name="nights"
        onChange={[Function]}
        type="checkbox"
      />
      <label
        className="black-text"
        htmlFor="input_20"
      >
        21
      </label>
    </div>
  </div>
</div>
`;

exports[`Snapshot test search dorm parts 2`] = `
<div>
  <div
    className="col input-field s6"
  >
    <i
      className="material-icons prefix"
    >
      person
    </i>
    <label
      className="active black-text"
      htmlFor="input_21"
    >
      Взрослых
    </label>
    <select
      checked={false}
      className=""
      icon="person"
      id="input_21"
      name="adults"
      onChange={[Function]}
    >
      <option
        selected={true}
        value={1}
      >
        1
         взрослый
      </option>
      <option
        selected={false}
        value={2}
      >
        2
         взрослый
      </option>
      <option
        selected={false}
        value={3}
      >
        3
         взрослый
      </option>
    </select>
  </div>
  <div
    className="col input-field s6"
  >
    <i
      className="material-icons prefix"
    >
      child_care
    </i>
    <label
      className="active black-text"
      htmlFor="input_22"
    >
      Детей
    </label>
    <select
      checked={false}
      className=""
      icon="child_care"
      id="input_22"
      name="children"
      onChange={[Function]}
    >
      <option
        selected={true}
        value={0}
      >
        0
         ребенок
      </option>
      <option
        selected={false}
        value={1}
      >
        1
         ребенок
      </option>
      <option
        selected={false}
        value={2}
      >
        2
         ребенок
      </option>
      <option
        selected={false}
        value={3}
      >
        3
         ребенок
      </option>
    </select>
  </div>
</div>
`;
